******************************************************************************
                  MSP430 Linker PC v4.1.7                      
******************************************************************************
>> Linked Tue Mar 18 22:50:01 2014

OUTPUT FILE NAME:   <RGB LED POV.out>
ENTRY POINT SYMBOL: "_c_int00"  address: 0000c3ba


MEMORY CONFIGURATION

         name            origin    length      used     unused   attr    fill
----------------------  --------  ---------  --------  --------  ----  --------
  SFR                   00000000   00000010  00000000  00000010  RWIX
  PERIPHERALS_8BIT      00000010   000000f0  00000000  000000f0  RWIX
  PERIPHERALS_16BIT     00000100   00000100  00000000  00000100  RWIX
  RAM                   00000200   00000200  000000ef  00000111  RWIX
  INFOD                 00001000   00000040  00000000  00000040  RWIX
  INFOC                 00001040   00000040  00000000  00000040  RWIX
  INFOB                 00001080   00000040  00000000  00000040  RWIX
  INFOA                 000010c0   00000040  00000000  00000040  RWIX
  FLASH                 0000c000   00003fe0  000004c4  00003b1c  RWIX
  INT00                 0000ffe0   00000002  00000000  00000002  RWIX
  INT01                 0000ffe2   00000002  00000000  00000002  RWIX
  INT02                 0000ffe4   00000002  00000000  00000002  RWIX
  INT03                 0000ffe6   00000002  00000000  00000002  RWIX
  INT04                 0000ffe8   00000002  00000000  00000002  RWIX
  INT05                 0000ffea   00000002  00000000  00000002  RWIX
  INT06                 0000ffec   00000002  00000000  00000002  RWIX
  INT07                 0000ffee   00000002  00000000  00000002  RWIX
  INT08                 0000fff0   00000002  00000000  00000002  RWIX
  INT09                 0000fff2   00000002  00000002  00000000  RWIX
  INT10                 0000fff4   00000002  00000000  00000002  RWIX
  INT11                 0000fff6   00000002  00000000  00000002  RWIX
  INT12                 0000fff8   00000002  00000000  00000002  RWIX
  INT13                 0000fffa   00000002  00000000  00000002  RWIX
  INT14                 0000fffc   00000002  00000000  00000002  RWIX
  RESET                 0000fffe   00000002  00000002  00000000  RWIX


SECTION ALLOCATION MAP

 output                                  attributes/
section   page    origin      length       input sections
--------  ----  ----------  ----------   ----------------
.init_array 
*          0    0000c000    00000000     UNINITIALIZED

.data      0    00000200    0000009f     
                  00000200    00000080     main.obj (.data:Data)
                  00000280    00000008     main.obj (.data:BlueFrame)
                  00000288    00000008     main.obj (.data:GreenFrame)
                  00000290    00000008     main.obj (.data:RedFrame)
                  00000298    00000007     main.obj (.data)

.TI.persistent 
*          0    00000200    00000000     UNINITIALIZED

.stack     0    000003b0    00000050     UNINITIALIZED
                  000003b0    00000002     rts430_eabi.lib : boot.obj (.stack)
                  000003b2    0000004e     --HOLE--

.text      0    0000c000    0000042e     
                  0000c000    000001a0     main.obj (.text:_Z9TIMER0_A0v)
                  0000c1a0    0000005e     rts430_eabi.lib : copy_decompress_rle.obj (.text:__TI_decompress_rle_core)
                  0000c1fe    0000005e                     : autoinit.obj (.text:_auto_init)
                  0000c25c    0000005a     main.obj (.text:_Z8PushLineh)
                  0000c2b6    0000004c     rts430_eabi.lib : lsr16.obj (.text)
                  0000c302    00000038     main.obj (.text:_Z14Initialisationv)
                  0000c33a    0000002c     rts430_eabi.lib : asr16.obj (.text)
                  0000c366    0000002c                     : lsl16.obj (.text)
                  0000c392    00000028     main.obj (.text:_Z9NextColorv)
                  0000c3ba    0000001a     rts430_eabi.lib : boot.obj (.text:_c_int00_noexit)
                  0000c3d4    00000018     main.obj (.text:main)
                  0000c3ec    00000012     rts430_eabi.lib : copy_decompress_none.obj (.text:decompress:none:__TI_decompress_none)
                  0000c3fe    00000012                     : memcpy.obj (.text:memcpy)
                  0000c410    00000010                     : epilog.obj (.text)
                  0000c420    00000006                     : copy_decompress_rle.obj (.text:decompress:rle24:__TI_decompress_rle24)
                  0000c426    00000004                     : pre_init.obj (.text:_system_pre_init)
                  0000c42a    00000004                     : exit.obj (.text:abort)

.cinit     0    0000c42e    00000096     
                  0000c42e    0000008e     (.cinit..data.load) [load image, compression = rle]
                  0000c4bc    00000004     (__TI_handler_table)
                  0000c4c0    00000004     (__TI_cinit_table)

TIMER0_A0 
*          0    0000fff2    00000002     
                  0000fff2    00000002     main.obj (.int09)

.reset     0    0000fffe    00000002     
                  0000fffe    00000002     rts430_eabi.lib : boot.obj (.reset)


LINKER GENERATED COPY TABLES

__TI_cinit_table @ 0000c4c0 records: 1, size/record: 4, table size: 4
	.data: load addr=0000c42e, load size=0000008e bytes, run addr=00000200, run size=0000009f bytes, compression=rle


LINKER GENERATED HANDLER TABLE

__TI_handler_table @ 0000c4bc records: 2, size/record: 2, table size: 4
	index: 0, handler: __TI_decompress_rle24
	index: 1, handler: __TI_decompress_none


GLOBAL SYMBOLS: SORTED ALPHABETICALLY BY Name 

address    name
--------   ----
0000004a   ADC10AE0
000001b0   ADC10CTL0
000001b2   ADC10CTL1
00000048   ADC10DTC0
00000049   ADC10DTC1
000001b4   ADC10MEM
000001bc   ADC10SA
00000298   ActiveColor
00000299   ActiveFrame
00000057   BCSCTL1
00000058   BCSCTL2
00000053   BCSCTL3
00000280   BlueFrame
0000c42a   C$$EXIT
00000059   CACTL1
0000005a   CACTL2
000010fb   CALBC1_12MHZ
000010f9   CALBC1_16MHZ
000010ff   CALBC1_1MHZ
000010fd   CALBC1_8MHZ
000010fa   CALDCO_12MHZ
000010f8   CALDCO_16MHZ
000010fe   CALDCO_1MHZ
000010fc   CALDCO_8MHZ
0000005b   CAPD
00000056   DCOCTL
00000200   Data
0000029a   DutyFrame
00000128   FCTL1
0000012a   FCTL2
0000012c   FCTL3
00000288   GreenFrame
00000000   IE1
00000001   IE2
00000002   IFG1
00000003   IFG2
0000029e   MaxFrame
00000022   P1DIR
00000025   P1IE
00000024   P1IES
00000023   P1IFG
00000020   P1IN
00000021   P1OUT
00000027   P1REN
00000026   P1SEL
00000041   P1SEL2
0000002a   P2DIR
0000002d   P2IE
0000002c   P2IES
0000002b   P2IFG
00000028   P2IN
00000029   P2OUT
0000002f   P2REN
0000002e   P2SEL
00000042   P2SEL2
0000001a   P3DIR
00000018   P3IN
00000019   P3OUT
00000010   P3REN
0000001b   P3SEL
00000043   P3SEL2
0000029c   Pause
00000290   RedFrame
00000172   TA0CCR0
00000174   TA0CCR1
00000176   TA0CCR2
00000162   TA0CCTL0
00000164   TA0CCTL1
00000166   TA0CCTL2
00000160   TA0CTL
0000012e   TA0IV
00000170   TA0R
00000192   TA1CCR0
00000194   TA1CCR1
00000196   TA1CCR2
00000182   TA1CCTL0
00000184   TA1CCTL1
00000186   TA1CCTL2
00000180   TA1CTL
0000011e   TA1IV
00000190   TA1R
0000005d   UCA0ABCTL
00000062   UCA0BR0
00000063   UCA0BR1
00000060   UCA0CTL0
00000061   UCA0CTL1
0000005f   UCA0IRRCTL
0000005e   UCA0IRTCTL
00000064   UCA0MCTL
00000066   UCA0RXBUF
00000065   UCA0STAT
00000067   UCA0TXBUF
0000006a   UCB0BR0
0000006b   UCB0BR1
00000068   UCB0CTL0
00000069   UCB0CTL1
0000006c   UCB0I2CIE
00000118   UCB0I2COA
0000011a   UCB0I2CSA
0000006e   UCB0RXBUF
0000006d   UCB0STAT
0000006f   UCB0TXBUF
00000120   WDTCTL
0000c302   _Z14Initialisationv
0000c25c   _Z8PushLineh
0000c392   _Z9NextColorv
0000c000   _Z9TIMER0_A0v
00000400   __STACK_END
00000050   __STACK_SIZE
0000c4c0   __TI_CINIT_Base
0000c4c4   __TI_CINIT_Limit
0000c4bc   __TI_Handler_Table_Base
0000c4c0   __TI_Handler_Table_Limit
UNDEFED    __TI_INITARRAY_Base
UNDEFED    __TI_INITARRAY_Limit
00000001   __TI_args_main
0000c3ec   __TI_decompress_none
0000c420   __TI_decompress_rle24
00000001   __TI_exit
ffffffff   __binit__
ffffffff   __c_args__
0000c41c   __mspabi_func_epilog_1
0000c41a   __mspabi_func_epilog_2
0000c418   __mspabi_func_epilog_3
0000c416   __mspabi_func_epilog_4
0000c414   __mspabi_func_epilog_5
0000c412   __mspabi_func_epilog_6
0000c410   __mspabi_func_epilog_7
0000c366   __mspabi_slli
0000c38e   __mspabi_slli_1
0000c37c   __mspabi_slli_10
0000c37a   __mspabi_slli_11
0000c378   __mspabi_slli_12
0000c376   __mspabi_slli_13
0000c374   __mspabi_slli_14
0000c372   __mspabi_slli_15
0000c38c   __mspabi_slli_2
0000c38a   __mspabi_slli_3
0000c388   __mspabi_slli_4
0000c386   __mspabi_slli_5
0000c384   __mspabi_slli_6
0000c382   __mspabi_slli_7
0000c380   __mspabi_slli_8
0000c37e   __mspabi_slli_9
0000c33a   __mspabi_srai
0000c362   __mspabi_srai_1
0000c350   __mspabi_srai_10
0000c34e   __mspabi_srai_11
0000c34c   __mspabi_srai_12
0000c34a   __mspabi_srai_13
0000c348   __mspabi_srai_14
0000c346   __mspabi_srai_15
0000c360   __mspabi_srai_2
0000c35e   __mspabi_srai_3
0000c35c   __mspabi_srai_4
0000c35a   __mspabi_srai_5
0000c358   __mspabi_srai_6
0000c356   __mspabi_srai_7
0000c354   __mspabi_srai_8
0000c352   __mspabi_srai_9
0000c2b6   __mspabi_srli
0000c2fc   __mspabi_srli_1
0000c2d8   __mspabi_srli_10
0000c2d4   __mspabi_srli_11
0000c2d0   __mspabi_srli_12
0000c2cc   __mspabi_srli_13
0000c2c8   __mspabi_srli_14
0000c2c4   __mspabi_srli_15
0000c2f8   __mspabi_srli_2
0000c2f4   __mspabi_srli_3
0000c2f0   __mspabi_srli_4
0000c2ec   __mspabi_srli_5
0000c2e8   __mspabi_srli_6
0000c2e4   __mspabi_srli_7
0000c2e0   __mspabi_srli_8
0000c2dc   __mspabi_srli_9
0000c1fe   _auto_init
0000c3ba   _c_int00
0000c3ba   _c_int00_noexit
0000fffe   _reset_vector
000003b0   _stack
0000c426   _system_pre_init
0000c42a   abort
ffffffff   binit
0000c3d4   main
0000c3fe   memcpy


GLOBAL SYMBOLS: SORTED BY Symbol Address 

address    name
--------   ----
00000000   IE1
00000001   IE2
00000001   __TI_args_main
00000001   __TI_exit
00000002   IFG1
00000003   IFG2
00000010   P3REN
00000018   P3IN
00000019   P3OUT
0000001a   P3DIR
0000001b   P3SEL
00000020   P1IN
00000021   P1OUT
00000022   P1DIR
00000023   P1IFG
00000024   P1IES
00000025   P1IE
00000026   P1SEL
00000027   P1REN
00000028   P2IN
00000029   P2OUT
0000002a   P2DIR
0000002b   P2IFG
0000002c   P2IES
0000002d   P2IE
0000002e   P2SEL
0000002f   P2REN
00000041   P1SEL2
00000042   P2SEL2
00000043   P3SEL2
00000048   ADC10DTC0
00000049   ADC10DTC1
0000004a   ADC10AE0
00000050   __STACK_SIZE
00000053   BCSCTL3
00000056   DCOCTL
00000057   BCSCTL1
00000058   BCSCTL2
00000059   CACTL1
0000005a   CACTL2
0000005b   CAPD
0000005d   UCA0ABCTL
0000005e   UCA0IRTCTL
0000005f   UCA0IRRCTL
00000060   UCA0CTL0
00000061   UCA0CTL1
00000062   UCA0BR0
00000063   UCA0BR1
00000064   UCA0MCTL
00000065   UCA0STAT
00000066   UCA0RXBUF
00000067   UCA0TXBUF
00000068   UCB0CTL0
00000069   UCB0CTL1
0000006a   UCB0BR0
0000006b   UCB0BR1
0000006c   UCB0I2CIE
0000006d   UCB0STAT
0000006e   UCB0RXBUF
0000006f   UCB0TXBUF
00000118   UCB0I2COA
0000011a   UCB0I2CSA
0000011e   TA1IV
00000120   WDTCTL
00000128   FCTL1
0000012a   FCTL2
0000012c   FCTL3
0000012e   TA0IV
00000160   TA0CTL
00000162   TA0CCTL0
00000164   TA0CCTL1
00000166   TA0CCTL2
00000170   TA0R
00000172   TA0CCR0
00000174   TA0CCR1
00000176   TA0CCR2
00000180   TA1CTL
00000182   TA1CCTL0
00000184   TA1CCTL1
00000186   TA1CCTL2
00000190   TA1R
00000192   TA1CCR0
00000194   TA1CCR1
00000196   TA1CCR2
000001b0   ADC10CTL0
000001b2   ADC10CTL1
000001b4   ADC10MEM
000001bc   ADC10SA
00000200   Data
00000280   BlueFrame
00000288   GreenFrame
00000290   RedFrame
00000298   ActiveColor
00000299   ActiveFrame
0000029a   DutyFrame
0000029c   Pause
0000029e   MaxFrame
000003b0   _stack
00000400   __STACK_END
000010f8   CALDCO_16MHZ
000010f9   CALBC1_16MHZ
000010fa   CALDCO_12MHZ
000010fb   CALBC1_12MHZ
000010fc   CALDCO_8MHZ
000010fd   CALBC1_8MHZ
000010fe   CALDCO_1MHZ
000010ff   CALBC1_1MHZ
0000c000   _Z9TIMER0_A0v
0000c1fe   _auto_init
0000c25c   _Z8PushLineh
0000c2b6   __mspabi_srli
0000c2c4   __mspabi_srli_15
0000c2c8   __mspabi_srli_14
0000c2cc   __mspabi_srli_13
0000c2d0   __mspabi_srli_12
0000c2d4   __mspabi_srli_11
0000c2d8   __mspabi_srli_10
0000c2dc   __mspabi_srli_9
0000c2e0   __mspabi_srli_8
0000c2e4   __mspabi_srli_7
0000c2e8   __mspabi_srli_6
0000c2ec   __mspabi_srli_5
0000c2f0   __mspabi_srli_4
0000c2f4   __mspabi_srli_3
0000c2f8   __mspabi_srli_2
0000c2fc   __mspabi_srli_1
0000c302   _Z14Initialisationv
0000c33a   __mspabi_srai
0000c346   __mspabi_srai_15
0000c348   __mspabi_srai_14
0000c34a   __mspabi_srai_13
0000c34c   __mspabi_srai_12
0000c34e   __mspabi_srai_11
0000c350   __mspabi_srai_10
0000c352   __mspabi_srai_9
0000c354   __mspabi_srai_8
0000c356   __mspabi_srai_7
0000c358   __mspabi_srai_6
0000c35a   __mspabi_srai_5
0000c35c   __mspabi_srai_4
0000c35e   __mspabi_srai_3
0000c360   __mspabi_srai_2
0000c362   __mspabi_srai_1
0000c366   __mspabi_slli
0000c372   __mspabi_slli_15
0000c374   __mspabi_slli_14
0000c376   __mspabi_slli_13
0000c378   __mspabi_slli_12
0000c37a   __mspabi_slli_11
0000c37c   __mspabi_slli_10
0000c37e   __mspabi_slli_9
0000c380   __mspabi_slli_8
0000c382   __mspabi_slli_7
0000c384   __mspabi_slli_6
0000c386   __mspabi_slli_5
0000c388   __mspabi_slli_4
0000c38a   __mspabi_slli_3
0000c38c   __mspabi_slli_2
0000c38e   __mspabi_slli_1
0000c392   _Z9NextColorv
0000c3ba   _c_int00
0000c3ba   _c_int00_noexit
0000c3d4   main
0000c3ec   __TI_decompress_none
0000c3fe   memcpy
0000c410   __mspabi_func_epilog_7
0000c412   __mspabi_func_epilog_6
0000c414   __mspabi_func_epilog_5
0000c416   __mspabi_func_epilog_4
0000c418   __mspabi_func_epilog_3
0000c41a   __mspabi_func_epilog_2
0000c41c   __mspabi_func_epilog_1
0000c420   __TI_decompress_rle24
0000c426   _system_pre_init
0000c42a   C$$EXIT
0000c42a   abort
0000c4bc   __TI_Handler_Table_Base
0000c4c0   __TI_CINIT_Base
0000c4c0   __TI_Handler_Table_Limit
0000c4c4   __TI_CINIT_Limit
0000fffe   _reset_vector
ffffffff   __binit__
ffffffff   __c_args__
ffffffff   binit
UNDEFED    __TI_INITARRAY_Base
UNDEFED    __TI_INITARRAY_Limit

[186 symbols]
